Could not open input file: privateSetup/setup.php
